// Vitest Snapshot v1, https://vitest.dev/guide/snapshot.html

exports[`poshmark format > golden — a fully populated listing 1`] = `
{
  "attributes": {
    "Department": "Men",
    "Original price": "60.00",
    "Style tags": "vintage, nike, crewneck",
  },
  "brand": "Nike",
  "category": "sweatshirts",
  "color": "Gray",
  "compareAtPrice": 60,
  "condition": "Pre-owned",
  "description": "Vintage 90s Nike grey crewneck sweatshirt. Heavyweight brushed fleece with an embroidered swoosh on the chest and a boxy, cropped fit that sits right on the waist.

✠ CHEST- 22 in

✠ LENGTH- 27 in

✠ SLEEVE- 24 in

Every Garment goes through a thorough washing process before being photographed.

Condition: excellent, with a small mark on the left cuff.

BUNDLE AND SAVE!!!!!!",
  "issues": [
    {
      "field": "brand",
      "fixKind": "brand",
      "level": "warning",
      "marketplace": "poshmark",
      "message": "Brand "Nike" is not confirmed for Poshmark — map it once so every listing matches their picker.",
      "value": "Nike",
    },
  ],
  "marketplace": "poshmark",
  "photos": [
    "https://cdn.example.com/storage/v1/object/public/product-images/user/grp-1/a.jpg",
    "https://cdn.example.com/storage/v1/object/public/product-images/user/grp-1/b.jpg",
    "https://cdn.example.com/storage/v1/object/public/product-images/user/grp-1/c.jpg",
  ],
  "price": 45,
  "productGroupId": "grp-1",
  "size": "L",
  "sku": "ACD-7K2M9Q",
  "tags": [],
  "title": "Vintage 90s Nike Grey Embroidered Swoosh Crewneck Sweatshirt",
}
`;

exports[`poshmark format > golden — a sparse listing 1`] = `
{
  "attributes": {},
  "brand": null,
  "category": "tees",
  "color": "Forest Green",
  "compareAtPrice": null,
  "condition": null,
  "description": "Soft faded single stitch tee.",
  "issues": [
    {
      "field": "price",
      "level": "error",
      "marketplace": "poshmark",
      "message": "No price set — Poshmark needs one.",
    },
    {
      "field": "brand",
      "level": "warning",
      "marketplace": "poshmark",
      "message": "No brand set — Poshmark needs one.",
    },
    {
      "field": "color",
      "fixKind": "color",
      "level": "warning",
      "marketplace": "poshmark",
      "message": "Color "Forest Green" is not on Poshmark's list — it will go out as "Forest Green".",
      "value": "Forest Green",
    },
    {
      "field": "condition",
      "fixKind": "condition",
      "level": "warning",
      "marketplace": "poshmark",
      "message": "Condition "kinda beat up" is not one of Poshmark's grades (NWT / NWOT / Pre-owned) — map it once.",
      "value": "kinda beat up",
    },
  ],
  "marketplace": "poshmark",
  "photos": [
    "https://cdn.example.com/storage/v1/object/public/product-images/user/sparse-1/a.jpg",
  ],
  "price": null,
  "productGroupId": "sparse-1",
  "size": "M",
  "sku": null,
  "tags": [],
  "title": "Faded Single Stitch Tee",
}
`;
